Tue, 21 Sep 2021 17:26:48 51 debug
